#-----------------------------------------------------------
# Vivado v2020.2 (64-bit)
# SW Build 3064766 on Wed Nov 18 09:12:45 MST 2020
# IP Build 3064653 on Wed Nov 18 14:17:31 MST 2020
# Start of session at: Tue May 18 00:39:35 2021
# Process ID: 9320
# Current directory: C:/Users/liang/Desktop/OrgLab/lab1/ALU
# Command line: vivado.exe -gui_launcher_event rodinguilauncherevent21424 C:\Users\liang\Desktop\OrgLab\lab1\ALU\ALU.xpr
# Log file: C:/Users/liang/Desktop/OrgLab/lab1/ALU/vivado.log
# Journal file: C:/Users/liang/Desktop/OrgLab/lab1/ALU\vivado.jou
#-----------------------------------------------------------
start_gui
open_project C:/Users/liang/Desktop/OrgLab/lab1/ALU/ALU.xpr
update_compile_order -fileset sources_1
ipx::package_project -root_dir c:/users/liang/desktop/orglab -vendor xilinx.com -library user -taxonomy /UserIP
set_property  ip_repo_paths  {} [current_project]
update_ip_catalog
set_property  ip_repo_paths  C:/Users/liang/Desktop/OrgLab/reference [current_project]
update_ip_catalog
reset_run synth_1
launch_runs synth_1 -jobs 4
wait_on_run synth_1
launch_runs impl_1 -jobs 4
wait_on_run impl_1
ipx::package_project -root_dir c:/users/liang/desktop/orglab -vendor xilinx.com -library user -taxonomy /UserIP -force
set_property core_revision 2 [ipx::current_core]
ipx::create_xgui_files [ipx::current_core]
ipx::update_checksums [ipx::current_core]
ipx::check_integrity [ipx::current_core]
ipx::save_core [ipx::current_core]
set_property  ip_repo_paths  {c:/users/liang/desktop/orglab c:/Users/liang/Desktop/OrgLab/reference} [current_project]
update_ip_catalog
