#-----------------------------------------------------------
# Vivado v2020.2 (64-bit)
# SW Build 3064766 on Wed Nov 18 09:12:45 MST 2020
# IP Build 3064653 on Wed Nov 18 14:17:31 MST 2020
# Start of session at: Mon Mar  8 14:40:57 2021
# Process ID: 21648
# Current directory: C:/Users/liang/Desktop/OrgLab/OExp01_muxctrl
# Command line: vivado.exe -gui_launcher_event rodinguilauncherevent1944 C:\Users\liang\Desktop\OrgLab\OExp01_muxctrl\OExp01_muxctrl.xpr
# Log file: C:/Users/liang/Desktop/OrgLab/OExp01_muxctrl/vivado.log
# Journal file: C:/Users/liang/Desktop/OrgLab/OExp01_muxctrl\vivado.jou
#-----------------------------------------------------------
start_gui
open_project C:/Users/liang/Desktop/OrgLab/OExp01_muxctrl/OExp01_muxctrl.xpr
update_compile_order -fileset sources_1
open_hw_manager
connect_hw_server -allow_non_jtag
open_hw_target
set_property PROGRAM.FILE {C:/Users/liang/Desktop/OrgLab/OExp01_muxctrl/OExp01_muxctrl.runs/impl_1/OExp01_muxctrl_wrapper.bit} [get_hw_devices xc7k160t_0]
current_hw_device [get_hw_devices xc7k160t_0]
refresh_hw_device -update_hw_probes false [lindex [get_hw_devices xc7k160t_0] 0]
set_property PROBES.FILE {} [get_hw_devices xc7k160t_0]
set_property FULL_PROBES.FILE {} [get_hw_devices xc7k160t_0]
set_property PROGRAM.FILE {C:/Users/liang/Desktop/OrgLab/OExp01_muxctrl/OExp01_muxctrl.runs/impl_1/OExp01_muxctrl_wrapper.bit} [get_hw_devices xc7k160t_0]
program_hw_devices [get_hw_devices xc7k160t_0]
refresh_hw_device [lindex [get_hw_devices xc7k160t_0] 0]
