#-----------------------------------------------------------
# Vivado v2020.2 (64-bit)
# SW Build 3064766 on Wed Nov 18 09:12:45 MST 2020
# IP Build 3064653 on Wed Nov 18 14:17:31 MST 2020
# Start of session at: Mon May 17 13:31:45 2021
# Process ID: 19284
# Current directory: C:/Users/liang/Desktop/OrgLab/lab4/SCPU_ctrl
# Command line: vivado.exe -gui_launcher_event rodinguilauncherevent15472 C:\Users\liang\Desktop\OrgLab\lab4\SCPU_ctrl\SCPU_ctrl.xpr
# Log file: C:/Users/liang/Desktop/OrgLab/lab4/SCPU_ctrl/vivado.log
# Journal file: C:/Users/liang/Desktop/OrgLab/lab4/SCPU_ctrl\vivado.jou
#-----------------------------------------------------------
start_gui
open_project C:/Users/liang/Desktop/OrgLab/lab4/SCPU_ctrl/SCPU_ctrl.xpr
update_compile_order -fileset sources_1
reset_run synth_1
launch_runs synth_1 -jobs 4
wait_on_run synth_1
ipx::package_project -root_dir c:/users/liang/desktop/orglab/lab4/scpu_ctrl/scpu_ctrl.srcs/sources_1/new -vendor xilinx.com -library user -taxonomy /UserIP -force
set_property core_revision 2 [ipx::current_core]
ipx::create_xgui_files [ipx::current_core]
ipx::update_checksums [ipx::current_core]
ipx::check_integrity [ipx::current_core]
ipx::save_core [ipx::current_core]
update_ip_catalog -rebuild -repo_path c:/Users/liang/Desktop/OrgLab/lab4/SCPU_ctrl/SCPU_ctrl.srcs/sources_1/new
ipx::package_project -root_dir c:/users/liang/desktop/orglab/lab4/scpu_ctrl/scpu_ctrl.srcs/sources_1/new -vendor xilinx.com -library user -taxonomy /UserIP -force
file mkdir C:/Users/liang/Desktop/OrgLab/lab4/SCPU_ctrl/SCPU_ctrl.srcs/sim_1/new
set_property SOURCE_SET sources_1 [get_filesets sim_1]
close [ open C:/Users/liang/Desktop/OrgLab/lab4/SCPU_ctrl/SCPU_ctrl.srcs/sim_1/new/tb_ctrl.v w ]
add_files -fileset sim_1 C:/Users/liang/Desktop/OrgLab/lab4/SCPU_ctrl/SCPU_ctrl.srcs/sim_1/new/tb_ctrl.v
update_compile_order -fileset sim_1
launch_simulation
source SCPU_ctrl.tcl
update_compile_order -fileset sim_1
run all
run all
run all
restart
run 20 ns
run 20 ns
run 20 ns
run 20 ns
run 20 ns
run 20 ns
run 20 ns
run 20 ns
run 20 ns
launch_simulation
launch_simulation
close_sim
